system 3: heartbeat
system 1: heartbeat
system 2: heartbeat
system 1: telemetry interval request for msg 0 skipped: system 1: command 511 rejected with result 4
system 2: telemetry interval request for msg 0 skipped: system 2: command 511 rejected with result 4
system 3: telemetry interval request for msg 0 skipped: system 3: command 511 rejected with result 4
system 1: set ground speed to 18.0 m/s
system 2: set ground speed to 18.0 m/s
system 3: set ground speed to 18.0 m/s
system 1: arm and takeoff to 8.0 m
system 2: arm and takeoff to 13.0 m
system 3: arm and takeoff to 18.0 m
system 1: airborne at 5.0 m
system 2: airborne at 10.0 m
system 3: airborne at 15.1 m
collecting moving drone positions for 90s into /Users/omsingh/Desktop/projects/multi_uav_lora_sim/logs/audisys/flight_positions.csv
system 1: new target east=-80 north=40 alt=8
system 2: new target east=0 north=-60 alt=13
system 3: new target east=80 north=40 alt=18
logged  0.0s, LoRa packets this run: 0
logged  1.0s, LoRa packets this run: 8
logged  2.1s, LoRa packets this run: 16
logged  3.1s, LoRa packets this run: 22
logged  4.2s, LoRa packets this run: 30
logged  5.2s, LoRa packets this run: 36
logged  6.2s, LoRa packets this run: 42
logged  7.3s, LoRa packets this run: 50
logged  8.3s, LoRa packets this run: 56
logged  9.3s, LoRa packets this run: 62
logged 10.4s, LoRa packets this run: 69
logged 11.4s, LoRa packets this run: 75
logged 12.5s, LoRa packets this run: 81
logged 13.5s, LoRa packets this run: 87
logged 14.5s, LoRa packets this run: 96
logged 15.6s, LoRa packets this run: 102
logged 16.6s, LoRa packets this run: 108
logged 17.6s, LoRa packets this run: 118
logged 18.7s, LoRa packets this run: 124
logged 19.7s, LoRa packets this run: 130
system 1: new target east=-160 north=120 alt=8
system 2: new target east=40 north=-160 alt=13
system 3: new target east=180 north=120 alt=18
logged 20.7s, LoRa packets this run: 136
logged 21.7s, LoRa packets this run: 146
logged 22.8s, LoRa packets this run: 152
logged 23.8s, LoRa packets this run: 158
logged 24.9s, LoRa packets this run: 166
logged 25.9s, LoRa packets this run: 172
logged 27.0s, LoRa packets this run: 178
logged 28.0s, LoRa packets this run: 186
logged 29.0s, LoRa packets this run: 192
logged 30.1s, LoRa packets this run: 198
logged 31.1s, LoRa packets this run: 204
logged 32.2s, LoRa packets this run: 212
logged 33.2s, LoRa packets this run: 220
logged 34.2s, LoRa packets this run: 226
logged 35.3s, LoRa packets this run: 232
logged 36.3s, LoRa packets this run: 238
logged 37.4s, LoRa packets this run: 244
logged 38.4s, LoRa packets this run: 250
logged 39.5s, LoRa packets this run: 256
system 1: new target east=-240 north=200 alt=8
system 2: new target east=80 north=-260 alt=13
system 3: new target east=280 north=200 alt=18
logged 40.5s, LoRa packets this run: 264
logged 41.5s, LoRa packets this run: 270
logged 42.6s, LoRa packets this run: 278
logged 43.6s, LoRa packets this run: 284
logged 44.7s, LoRa packets this run: 294
logged 45.7s, LoRa packets this run: 300
logged 46.8s, LoRa packets this run: 308
logged 47.8s, LoRa packets this run: 314
logged 48.9s, LoRa packets this run: 320
logged 49.9s, LoRa packets this run: 328
logged 50.9s, LoRa packets this run: 334
logged 52.0s, LoRa packets this run: 340
logged 53.0s, LoRa packets this run: 346
logged 54.1s, LoRa packets this run: 354
logged 55.1s, LoRa packets this run: 360
logged 56.2s, LoRa packets this run: 367
logged 57.2s, LoRa packets this run: 373
logged 58.3s, LoRa packets this run: 379
logged 59.3s, LoRa packets this run: 385
system 1: new target east=-320 north=280 alt=8
system 2: new target east=120 north=-360 alt=13
system 3: new target east=380 north=280 alt=18
logged 60.4s, LoRa packets this run: 393
logged 61.4s, LoRa packets this run: 403
logged 62.4s, LoRa packets this run: 409
logged 63.4s, LoRa packets this run: 415
logged 64.5s, LoRa packets this run: 423
logged 65.5s, LoRa packets this run: 429
logged 66.6s, LoRa packets this run: 437
logged 67.6s, LoRa packets this run: 443
logged 68.6s, LoRa packets this run: 450
logged 69.7s, LoRa packets this run: 456
logged 70.7s, LoRa packets this run: 464
logged 71.7s, LoRa packets this run: 470
logged 72.8s, LoRa packets this run: 478
logged 73.9s, LoRa packets this run: 486
logged 74.9s, LoRa packets this run: 494
logged 75.9s, LoRa packets this run: 500
logged 77.0s, LoRa packets this run: 515
logged 78.0s, LoRa packets this run: 515
logged 79.0s, LoRa packets this run: 521
logged 80.1s, LoRa packets this run: 531
system 1: new target east=-80 north=40 alt=8
system 2: new target east=0 north=-60 alt=13
system 3: new target east=80 north=40 alt=18
logged 81.1s, LoRa packets this run: 546
logged 82.2s, LoRa packets this run: 552
logged 83.2s, LoRa packets this run: 558
logged 84.2s, LoRa packets this run: 566
logged 85.3s, LoRa packets this run: 572
logged 86.3s, LoRa packets this run: 578
logged 87.3s, LoRa packets this run: 585
